// Jest Snapshot v1, https://goo.gl/fbAQLP

exports[`ActiveCourseFilters snapshot renders 1`] = `
<div
  id="course-list-active-filters"
>
  <Chip
    key="inProgress"
    variant="primary"
  >
    In-Progress
  </Chip>
  <Chip
    key="notStarted"
    variant="primary"
  >
    Not Started
  </Chip>
  <Chip
    key="done"
    variant="primary"
  >
    Done
  </Chip>
  <Chip
    key="notEnrolled"
    variant="primary"
  >
    Not Enrolled
  </Chip>
  <Chip
    key="upgraded"
    variant="primary"
  >
    Upgraded
  </Chip>
  <Button
    onClick={[MockFunction setFilters.clear]}
    variant="link"
  >
    Clear all
  </Button>
</div>
`;
