// Jest Snapshot v1, https://goo.gl/fbAQLP

exports[`RelatedProgramsBadge component snapshot: 3 programs 1`] = `
<Fragment>
  <Button
    className="pr-0 mr-0"
    data-testid="RelatedProgramsBadge"
    iconBefore={[MockFunction icons.Program]}
    onClick={[MockFunction useRelatedProgramsBadge.openModal]}
    size="sm"
    variant="tertiary"
  >
    useRelatedProgramsBadge.programsMessage
  </Button>
  <RelatedProgramsModal
    cardId="test-course-number"
    closeModal={[MockFunction useRelatedProgramsBadge.closeModal]}
    isOpen={true}
  />
</Fragment>
`;
