// Jest Snapshot v1, https://goo.gl/fbAQLP

exports[`ProductRecommendations ProductCardHeader matches snapshot 1`] = `
<div>
  <Hyperlink
    className="base-card-link text-decoration-none"
    destination="http://localhost:18000/executive-education?linked_from=recommender"
    onClick={[Function]}
  >
    <div
      className="d-flex align-items-center border-bottom"
    >
      <h3
        className="h3 mb-2 text-left"
      >
        Executive Education
      </h3>
      <Icon
        className="text-primary-500 ml-2.5"
        src={[MockFunction icons.ChevronRight]}
      />
    </div>
  </Hyperlink>
  <p
    className="text-gray-500 x-small mt-2 mb-2"
  >
    Short Courses to develop leadership skills
  </p>
</div>
`;
