// Jest Snapshot v1, https://goo.gl/fbAQLP

exports[`SuggestedCourses snapshot has 3 suggested courses 1`] = `
<Container
  size="md"
>
  <h3
    className="text-center"
  >
    Some courses you may be interested in
  </h3>
  <div
    className="d-flex"
  >
    <Card
      className="m-3"
      key="Suggested course 1"
    >
      <Card.ImageCap
        src="https://prod-discovery.edx-cdn.org/media/programs/banner_images/9a310b98-8f27-439e-be85-12d6460245c9-f2efca129273.small.jpg"
        srcAlt="Course image banner"
      />
      <Card.Header
        className="mb-2"
        title="Suggested course 1"
      />
      <Card.Body
        className="h-100"
      />
      <Card.Footer>
        <ActionRow>
          <Button
            as="a"
          >
            View Course
          </Button>
        </ActionRow>
      </Card.Footer>
    </Card>
    <Card
      className="m-3"
      key="Suggested course 2"
    >
      <Card.ImageCap
        src="https://prod-discovery.edx-cdn.org/media/programs/banner_images/9a310b98-8f27-439e-be85-12d6460245c9-f2efca129273.small.jpg"
        srcAlt="Course image banner"
      />
      <Card.Header
        className="mb-2"
        title="Suggested course 2"
      />
      <Card.Body
        className="h-100"
      />
      <Card.Footer>
        <ActionRow>
          <Button
            as="a"
          >
            View Course
          </Button>
        </ActionRow>
      </Card.Footer>
    </Card>
    <Card
      className="m-3"
      key="Suggested course 3"
    >
      <Card.ImageCap
        src="https://prod-discovery.edx-cdn.org/media/programs/banner_images/9a310b98-8f27-439e-be85-12d6460245c9-f2efca129273.small.jpg"
        srcAlt="Course image banner"
      />
      <Card.Header
        className="mb-2"
        title="Suggested course 3"
      />
      <Card.Body
        className="h-100"
      />
      <Card.Footer>
        <ActionRow>
          <Button
            as="a"
          >
            View Course
          </Button>
        </ActionRow>
      </Card.Footer>
    </Card>
  </div>
</Container>
`;

exports[`SuggestedCourses snapshot no suggested courses 1`] = `""`;
