// Jest Snapshot v1, https://goo.gl/fbAQLP

exports[`ProgramsList renders correctly 1`] = `
<ul
  className="related-programs-list-container"
>
  <li
    className="d-flex"
    key="http://example.com/XSeries"
  >
    <span
      className="pr-2 border-right"
    >
      <span
        className="pgn__icon pgn__icon__inline d-inline-block mr-2 xseries-icon"
      />
      <a
        href="http://example.com/XSeries"
      >
        program titleXSeries
      </a>
    </span>
    <span
      className="flex-grow-1"
    />
  </li>
  <li
    className="d-flex"
    key="http://example.com/MicroMasters"
  >
    <span
      className="pr-2 border-right"
    >
      <span
        className="pgn__icon pgn__icon__inline d-inline-block mr-2 micromasters-icon"
      />
      <a
        href="http://example.com/MicroMasters"
      >
        program titleMicroMasters
      </a>
    </span>
    <span
      className="flex-grow-1"
    />
  </li>
  <li
    className="d-flex"
    key="http://example.com/MicroBachelors"
  >
    <span
      className="pr-2 border-right"
    >
      <span
        className="pgn__icon pgn__icon__inline d-inline-block mr-2 microbachelors-icon"
      />
      <a
        href="http://example.com/MicroBachelors"
      >
        program titleMicroBachelors
      </a>
    </span>
    <span
      className="flex-grow-1"
    />
  </li>
  <li
    className="d-flex"
    key="http://example.com/undefined-programType"
  >
    <span
      className="pr-2 border-right"
    >
      <span
        className="pgn__icon pgn__icon__inline d-inline-block mr-2 "
      />
      <a
        href="http://example.com/undefined-programType"
      >
        undefined programType
      </a>
    </span>
    <span
      className="flex-grow-1"
    />
  </li>
</ul>
`;
