// Jest Snapshot v1, https://goo.gl/fbAQLP

exports[`WidgetSidebar snapshots default 1`] = `
<div
  className="widget-sidebar"
>
  <div
    className="d-flex flex-column"
  >
    <injectIntl(ShimmedIntlComponent)
      className="d-flex flex-column"
      id="example"
      pluginProps={
        Object {
          "className": "flex-grow-1",
          "title": "example plugins",
        }
      }
      style={
        Object {
          "height": 700,
        }
      }
    />
  </div>
</div>
`;
