// Jest Snapshot v1, https://goo.gl/fbAQLP

exports[`RecommendationsPanel LoadedView snapshot 1`] = `
<div
  className="p-4 panel-background"
>
  <h3
    className="pb-2"
  >
    Recommendations for you
  </h3>
  <div>
    <CourseCard
      course={
        Object {
          "courseKey": "cs-1",
          "logoImageUrl": "https://prod-discovery.edx-cdn.org/media/programs/banner_images/9a310b98-8f27-439e-be85-12d6460245c9-f2efca129273.small.jpg",
          "marketingUrl": "www.edx/recommended-course",
          "title": "Recommended course 1",
        }
      }
      key="cs-1"
    />
    <CourseCard
      course={
        Object {
          "courseKey": "cs-2",
          "logoImageUrl": "https://prod-discovery.edx-cdn.org/media/programs/banner_images/9a310b98-8f27-439e-be85-12d6460245c9-f2efca129273.small.jpg",
          "marketingUrl": "www.edx/recommended-course",
          "title": "Recommended course 2 with a really really really long name for some reason",
        }
      }
      key="cs-2"
    />
    <CourseCard
      course={
        Object {
          "courseKey": "cs-3",
          "logoImageUrl": "https://prod-discovery.edx-cdn.org/media/programs/banner_images/9a310b98-8f27-439e-be85-12d6460245c9-f2efca129273.small.jpg",
          "marketingUrl": "www.edx/recommended-course",
          "title": "Recommended course 3",
        }
      }
      key="cs-3"
    />
    <CourseCard
      course={
        Object {
          "courseKey": "cs-4",
          "logoImageUrl": "https://prod-discovery.edx-cdn.org/media/programs/banner_images/9a310b98-8f27-439e-be85-12d6460245c9-f2efca129273.small.jpg",
          "marketingUrl": "www.edx/recommended-course",
          "title": "Recommended course 4",
        }
      }
      key="cs-4"
    />
  </div>
  <div
    className="text-center explore-courses-btn"
  >
    <Button
      as="a"
      variant="tertiary"
    >
      Explore courses
    </Button>
  </div>
</div>
`;
