// Jest Snapshot v1, https://goo.gl/fbAQLP

exports[`UnenrollConfirmModal ConfirmPane snapshot 1`] = `
<Fragment>
  <h4>
    <formatMessage
      msg="Unenroll from course?"
    />
  </h4>
  <p>
    <formatMessage
      msg="Progress that you've made so far will not be saved"
    />
  </p>
  <ActionRow>
    <Button
      onClick={[MockFunction props.handleClose]}
      variant="tertiary"
    >
      <formatMessage
        msg="Nevermind"
      />
    </Button>
    <Button
      onClick={[MockFunction props.handleConfirm]}
    >
      <formatMessage
        msg="Unenroll"
      />
    </Button>
  </ActionRow>
</Fragment>
`;
