// Jest Snapshot v1, https://goo.gl/fbAQLP

exports[`UnenrollConfirmModal ConfirmPane snapshot 1`] = `
<Fragment>
  <h4>
    Unenroll from course?
  </h4>
  <ActionRow>
    <Button
      onClick={[MockFunction props.handleClose]}
      variant="tertiary"
    >
      Never mind
    </Button>
    <Button
      onClick={[MockFunction props.handleConfirm]}
    >
      Unenroll
    </Button>
  </ActionRow>
</Fragment>
`;
