// Jest Snapshot v1, https://goo.gl/fbAQLP

exports[`UnenrollConfirmModal ConfirmPane snapshot 1`] = `
<Fragment>
  <h4>
    Unenroll from course?
  </h4>
  <p>
    Progress that you've made so far will not be saved
  </p>
  <ActionRow>
    <Button
      onClick={[MockFunction props.handleClose]}
      variant="tertiary"
    >
      Nevermind
    </Button>
    <Button
      onClick={[MockFunction props.handleConfirm]}
    >
      Unenroll
    </Button>
  </ActionRow>
</Fragment>
`;
