// Jest Snapshot v1, https://goo.gl/fbAQLP

exports[`app registry subscribe: APP_INIT_ERROR.  snapshot: displays an ErrorPage to root element 1`] = `
<IntlProvider
  locale="en"
>
  <ErrorPage
    message="test-error-message"
  />
</IntlProvider>
`;

exports[`app registry subscribe: APP_READY.  links App to root element 1`] = `
<IntlProvider
  locale="en"
>
  <AppProvider
    store={
      Object {
        "redux": "store",
      }
    }
  >
    <Switch>
      <PageRoute
        path="/courses"
      >
        <App />
      </PageRoute>
      <Redirect
        to="/courses"
      />
    </Switch>
  </AppProvider>
</IntlProvider>
`;
